src/app/main/page.tsx(5,8): error TS2613: Module '"C:/Users/User/Desktop/Naruto/round-note/frontend/src/features/dashboard/Dashboard"' has no default export. Did you mean to use 'import { Dashboard } from "C:/Users/User/Desktop/Naruto/round-note/frontend/src/features/dashboard/Dashboard"' instead?
